[2026-07-29 15:57:47,606]  INFO model_impl.data_loading.splitting: temporal_split [train]: T=6320  2007-01-25 -> 2024-07-18
[2026-07-29 15:57:47,607]  INFO model_impl.data_loading.splitting: temporal_split [val]: T=465  2024-04-10 -> 2025-07-18
[2026-07-29 15:57:47,607]  INFO model_impl.data_loading.splitting: temporal_split [test]: T=465  2025-04-10 -> 2026-07-27
[2026-07-29 15:57:48,919]  INFO model_impl.data_loading.windowing: 
[train]
  xe : (6214, 100)  token id [2122, 2287]
  xn : (6214, 100, 768)  embedding norm mean 0.000
  xc : (6214, 100, 6)  price range [-1.0, 1.0]
  y  : (6214, 7)   token id [2120, 2237]
  scales: (6214,)   scale values [1.46675, 4.59201] mean=3.2
  Predictions span: 2007-05-07 -> 2024-07-12  (N=6214)
[2026-07-29 15:57:48,922]  INFO model_impl.data_loading.windowing: 
[val]
  xe : (359, 100)  token id [2167, 2211]
  xn : (359, 100, 768)  embedding norm mean 0.000
  xc : (359, 100, 6)  price range [-1.0, 1.0]
  y  : (359, 7)   token id [2167, 2211]
  scales: (359,)   scale values [4.18355, 4.76894] mean=4.4
  Predictions span: 2024-07-19 -> 2025-07-12  (N=359)
[2026-07-29 15:57:48,926]  INFO model_impl.data_loading.windowing: 
[test]
  xe : (359, 100)  token id [2168, 2215]
  xn : (359, 100, 768)  embedding norm mean 0.000
  xc : (359, 100, 6)  price range [-1.0, 1.0]
  y  : (359, 7)   token id [2168, 2212]
  scales: (359,)   scale values [4.70997, 6.17524] mean=5.3
  Predictions span: 2025-07-19 -> 2026-07-17  (N=359)
[2026-07-29 15:58:01,511]  INFO model_impl.scripts.training: ep=  0  train_ce=8.2064  val_ce=7.9062  lr=1.00e-05
[2026-07-29 15:58:13,581]  INFO model_impl.scripts.training: ep=  1  train_ce=7.7159  val_ce=7.4438  lr=1.00e-05
[2026-07-29 15:58:25,707]  INFO model_impl.scripts.training: ep=  2  train_ce=7.2957  val_ce=7.0297  lr=1.00e-05
[2026-07-29 15:58:37,887]  INFO model_impl.scripts.training: ep=  3  train_ce=6.9075  val_ce=6.6491  lr=1.00e-05
[2026-07-29 15:58:50,147]  INFO model_impl.scripts.training: ep=  4  train_ce=6.5484  val_ce=6.2949  lr=1.00e-05
[2026-07-29 15:59:02,441]  INFO model_impl.scripts.training: ep=  5  train_ce=6.2163  val_ce=5.9674  lr=1.00e-05
[2026-07-29 15:59:14,823]  INFO model_impl.scripts.training: ep=  6  train_ce=5.9077  val_ce=5.6641  lr=1.00e-05
[2026-07-29 15:59:27,190]  INFO model_impl.scripts.training: ep=  7  train_ce=5.6192  val_ce=5.3878  lr=1.00e-05
[2026-07-29 15:59:39,630]  INFO model_impl.scripts.training: ep=  8  train_ce=5.3555  val_ce=5.1397  lr=1.00e-05
[2026-07-29 15:59:52,091]  INFO model_impl.scripts.training: ep=  9  train_ce=5.1277  val_ce=4.9191  lr=1.00e-05
[2026-07-29 16:00:04,772]  INFO model_impl.scripts.training: ep= 10  train_ce=4.9150  val_ce=4.7274  lr=1.00e-05
[2026-07-29 16:00:17,347]  INFO model_impl.scripts.training: ep= 11  train_ce=4.7383  val_ce=4.5635  lr=1.00e-05
[2026-07-29 16:00:29,873]  INFO model_impl.scripts.training: ep= 12  train_ce=4.5865  val_ce=4.4252  lr=1.00e-05
[2026-07-29 16:00:42,419]  INFO model_impl.scripts.training: ep= 13  train_ce=4.4597  val_ce=4.3100  lr=1.00e-05
[2026-07-29 16:00:54,988]  INFO model_impl.scripts.training: ep= 14  train_ce=4.3582  val_ce=4.2134  lr=1.00e-05
[2026-07-29 16:01:07,599]  INFO model_impl.scripts.training: ep= 15  train_ce=4.2637  val_ce=4.1359  lr=1.00e-05
[2026-07-29 16:01:20,257]  INFO model_impl.scripts.training: ep= 16  train_ce=4.1903  val_ce=4.0717  lr=1.00e-05
[2026-07-29 16:01:33,169]  INFO model_impl.scripts.training: ep= 17  train_ce=4.1341  val_ce=4.0212  lr=1.00e-05
[2026-07-29 16:01:46,055]  INFO model_impl.scripts.training: ep= 18  train_ce=4.0823  val_ce=3.9782  lr=1.00e-05
[2026-07-29 16:01:58,863]  INFO model_impl.scripts.training: ep= 19  train_ce=4.0478  val_ce=3.9431  lr=1.00e-05
[2026-07-29 16:02:11,885]  INFO model_impl.scripts.training: ep= 20  train_ce=4.0116  val_ce=3.9127  lr=1.00e-05
[2026-07-29 16:02:24,585]  INFO model_impl.scripts.training: ep= 21  train_ce=3.9851  val_ce=3.8898  lr=1.00e-05
[2026-07-29 16:02:37,655]  INFO model_impl.scripts.training: ep= 22  train_ce=3.9574  val_ce=3.8690  lr=1.00e-05
[2026-07-29 16:02:50,864]  INFO model_impl.scripts.training: ep= 23  train_ce=3.9366  val_ce=3.8535  lr=1.00e-05
[2026-07-29 16:03:04,046]  INFO model_impl.scripts.training: ep= 24  train_ce=3.9210  val_ce=3.8402  lr=1.00e-05
[2026-07-29 16:03:16,992]  INFO model_impl.scripts.training: ep= 25  train_ce=3.9135  val_ce=3.8290  lr=1.00e-05
[2026-07-29 16:03:30,110]  INFO model_impl.scripts.training: ep= 26  train_ce=3.8968  val_ce=3.8188  lr=1.00e-05
[2026-07-29 16:03:43,474]  INFO model_impl.scripts.training: ep= 27  train_ce=3.8820  val_ce=3.8102  lr=1.00e-05
[2026-07-29 16:03:56,772]  INFO model_impl.scripts.training: ep= 28  train_ce=3.8730  val_ce=3.8029  lr=1.00e-05
[2026-07-29 16:04:09,976]  INFO model_impl.scripts.training: ep= 29  train_ce=3.8638  val_ce=3.7974  lr=1.00e-05
[2026-07-29 16:04:23,271]  INFO model_impl.scripts.training: ep= 30  train_ce=3.8580  val_ce=3.7930  lr=1.00e-05
[2026-07-29 16:04:36,258]  INFO model_impl.scripts.training: ep= 31  train_ce=3.8484  val_ce=3.7895  lr=1.00e-05
[2026-07-29 16:04:49,381]  INFO model_impl.scripts.training: ep= 32  train_ce=3.8395  val_ce=3.7867  lr=1.00e-05
[2026-07-29 16:05:02,579]  INFO model_impl.scripts.training: ep= 33  train_ce=3.8378  val_ce=3.7839  lr=1.00e-05
[2026-07-29 16:05:16,002]  INFO model_impl.scripts.training: ep= 34  train_ce=3.8296  val_ce=3.7803  lr=1.00e-05
[2026-07-29 16:05:29,075]  INFO model_impl.scripts.training: ep= 35  train_ce=3.8232  val_ce=3.7782  lr=1.00e-05
[2026-07-29 16:05:42,179]  INFO model_impl.scripts.training: ep= 36  train_ce=3.8257  val_ce=3.7764  lr=1.00e-05
[2026-07-29 16:05:55,251]  INFO model_impl.scripts.training: ep= 37  train_ce=3.8079  val_ce=3.7750  lr=1.00e-05
[2026-07-29 16:06:08,365]  INFO model_impl.scripts.training: ep= 38  train_ce=3.8078  val_ce=3.7733  lr=1.00e-05
[2026-07-29 16:06:21,692]  INFO model_impl.scripts.training: ep= 39  train_ce=3.8029  val_ce=3.7710  lr=1.00e-05
[2026-07-29 16:06:35,045]  INFO model_impl.scripts.training: ep= 40  train_ce=3.8023  val_ce=3.7708  lr=1.00e-05
[2026-07-29 16:06:48,341]  INFO model_impl.scripts.training: ep= 41  train_ce=3.8003  val_ce=3.7690  lr=1.00e-05
[2026-07-29 16:07:01,690]  INFO model_impl.scripts.training: ep= 42  train_ce=3.8004  val_ce=3.7665  lr=1.00e-05
[2026-07-29 16:07:15,093]  INFO model_impl.scripts.training: ep= 43  train_ce=3.7911  val_ce=3.7627  lr=1.00e-05
[2026-07-29 16:07:28,317]  INFO model_impl.scripts.training: ep= 44  train_ce=3.7836  val_ce=3.7641  lr=1.00e-05
[2026-07-29 16:07:41,614]  INFO model_impl.scripts.training: ep= 45  train_ce=3.7881  val_ce=3.7648  lr=1.00e-05
[2026-07-29 16:07:54,689]  INFO model_impl.scripts.training: ep= 46  train_ce=3.7816  val_ce=3.7622  lr=1.00e-05
[2026-07-29 16:08:07,939]  INFO model_impl.scripts.training: ep= 47  train_ce=3.7732  val_ce=3.7601  lr=1.00e-05
[2026-07-29 16:08:21,023]  INFO model_impl.scripts.training: ep= 48  train_ce=3.7743  val_ce=3.7606  lr=1.00e-05
[2026-07-29 16:08:34,217]  INFO model_impl.scripts.training: ep= 49  train_ce=3.7694  val_ce=3.7598  lr=1.00e-05
[2026-07-29 16:08:47,770]  INFO model_impl.scripts.training: ep= 50  train_ce=3.7663  val_ce=3.7598  lr=1.00e-05
[2026-07-29 16:09:00,866]  INFO model_impl.scripts.training: ep= 51  train_ce=3.7634  val_ce=3.7575  lr=1.00e-05
[2026-07-29 16:09:14,006]  INFO model_impl.scripts.training: ep= 52  train_ce=3.7648  val_ce=3.7573  lr=1.00e-05
[2026-07-29 16:09:27,092]  INFO model_impl.scripts.training: ep= 53  train_ce=3.7653  val_ce=3.7572  lr=1.00e-05
[2026-07-29 16:09:40,422]  INFO model_impl.scripts.training: ep= 54  train_ce=3.7619  val_ce=3.7559  lr=1.00e-05
[2026-07-29 16:09:53,868]  INFO model_impl.scripts.training: ep= 55  train_ce=3.7601  val_ce=3.7581  lr=1.00e-05
[2026-07-29 16:10:07,176]  INFO model_impl.scripts.training: ep= 56  train_ce=3.7537  val_ce=3.7552  lr=1.00e-05
[2026-07-29 16:10:20,392]  INFO model_impl.scripts.training: ep= 57  train_ce=3.7589  val_ce=3.7550  lr=1.00e-05
[2026-07-29 16:10:33,754]  INFO model_impl.scripts.training: ep= 58  train_ce=3.7510  val_ce=3.7523  lr=1.00e-05
[2026-07-29 16:10:47,139]  INFO model_impl.scripts.training: ep= 59  train_ce=3.7493  val_ce=3.7536  lr=1.00e-05
[2026-07-29 16:11:00,316]  INFO model_impl.scripts.training: ep= 60  train_ce=3.7498  val_ce=3.7528  lr=1.00e-05
[2026-07-29 16:11:13,686]  INFO model_impl.scripts.training: ep= 61  train_ce=3.7527  val_ce=3.7513  lr=1.00e-05
[2026-07-29 16:11:26,747]  INFO model_impl.scripts.training: ep= 62  train_ce=3.7501  val_ce=3.7539  lr=1.00e-05
[2026-07-29 16:11:39,945]  INFO model_impl.scripts.training: ep= 63  train_ce=3.7416  val_ce=3.7508  lr=1.00e-05
[2026-07-29 16:11:53,165]  INFO model_impl.scripts.training: ep= 64  train_ce=3.7438  val_ce=3.7492  lr=1.00e-05
[2026-07-29 16:12:06,467]  INFO model_impl.scripts.training: ep= 65  train_ce=3.7408  val_ce=3.7512  lr=1.00e-05
[2026-07-29 16:12:19,563]  INFO model_impl.scripts.training: ep= 66  train_ce=3.7457  val_ce=3.7475  lr=1.00e-05
[2026-07-29 16:12:32,787]  INFO model_impl.scripts.training: ep= 67  train_ce=3.7423  val_ce=3.7487  lr=1.00e-05
[2026-07-29 16:12:45,983]  INFO model_impl.scripts.training: ep= 68  train_ce=3.7391  val_ce=3.7471  lr=1.00e-05
[2026-07-29 16:12:59,201]  INFO model_impl.scripts.training: ep= 69  train_ce=3.7372  val_ce=3.7480  lr=1.00e-05
[2026-07-29 16:13:12,725]  INFO model_impl.scripts.training: ep= 70  train_ce=3.7420  val_ce=3.7503  lr=1.00e-05
[2026-07-29 16:13:26,026]  INFO model_impl.scripts.training: ep= 71  train_ce=3.7331  val_ce=3.7474  lr=1.00e-05
[2026-07-29 16:13:39,292]  INFO model_impl.scripts.training: ep= 72  train_ce=3.7404  val_ce=3.7456  lr=1.00e-05
[2026-07-29 16:13:52,654]  INFO model_impl.scripts.training: ep= 73  train_ce=3.7319  val_ce=3.7453  lr=1.00e-05
[2026-07-29 16:14:05,601]  INFO model_impl.scripts.training: ep= 74  train_ce=3.7314  val_ce=3.7454  lr=1.00e-05
[2026-07-29 16:14:18,722]  INFO model_impl.scripts.training: ep= 75  train_ce=3.7361  val_ce=3.7430  lr=1.00e-05
[2026-07-29 16:14:32,058]  INFO model_impl.scripts.training: ep= 76  train_ce=3.7295  val_ce=3.7414  lr=1.00e-05
[2026-07-29 16:14:45,441]  INFO model_impl.scripts.training: ep= 77  train_ce=3.7272  val_ce=3.7401  lr=1.00e-05
[2026-07-29 16:14:58,442]  INFO model_impl.scripts.training: ep= 78  train_ce=3.7172  val_ce=3.7399  lr=1.00e-05
[2026-07-29 16:15:11,756]  INFO model_impl.scripts.training: ep= 79  train_ce=3.7159  val_ce=3.7368  lr=1.00e-05
[2026-07-29 16:15:25,023]  INFO model_impl.scripts.training: ep= 80  train_ce=3.7208  val_ce=3.7384  lr=1.00e-05
[2026-07-29 16:15:39,133]  INFO model_impl.scripts.training: ep= 81  train_ce=3.7117  val_ce=3.7310  lr=1.00e-05
[2026-07-29 16:15:52,004]  INFO model_impl.scripts.training: ep= 82  train_ce=3.7083  val_ce=3.7347  lr=1.00e-05
[2026-07-29 16:16:05,190]  INFO model_impl.scripts.training: ep= 83  train_ce=3.7053  val_ce=3.7290  lr=1.00e-05
[2026-07-29 16:16:18,333]  INFO model_impl.scripts.training: ep= 84  train_ce=3.6996  val_ce=3.7210  lr=1.00e-05
[2026-07-29 16:16:32,065]  INFO model_impl.scripts.training: ep= 85  train_ce=3.6951  val_ce=3.7196  lr=1.00e-05
[2026-07-29 16:16:45,130]  INFO model_impl.scripts.training: ep= 86  train_ce=3.6830  val_ce=3.7098  lr=1.00e-05
[2026-07-29 16:16:58,385]  INFO model_impl.scripts.training: ep= 87  train_ce=3.6744  val_ce=3.7039  lr=1.00e-05
[2026-07-29 16:17:11,631]  INFO model_impl.scripts.training: ep= 88  train_ce=3.6638  val_ce=3.7000  lr=1.00e-05
[2026-07-29 16:17:24,880]  INFO model_impl.scripts.training: ep= 89  train_ce=3.6605  val_ce=3.6843  lr=1.00e-05
[2026-07-29 16:17:42,268]  INFO model_impl.scripts.training: ep= 90  train_ce=3.6453  val_ce=3.6835  lr=1.00e-05
[2026-07-29 16:18:00,188]  INFO model_impl.scripts.training: ep= 91  train_ce=3.6310  val_ce=3.6638  lr=1.00e-05
[2026-07-29 16:18:18,273]  INFO model_impl.scripts.training: ep= 92  train_ce=3.6078  val_ce=3.6454  lr=1.00e-05
[2026-07-29 16:18:36,190]  INFO model_impl.scripts.training: ep= 93  train_ce=3.5844  val_ce=3.6060  lr=1.00e-05
[2026-07-29 16:18:54,131]  INFO model_impl.scripts.training: ep= 94  train_ce=3.5533  val_ce=3.5716  lr=1.00e-05
[2026-07-29 16:19:12,087]  INFO model_impl.scripts.training: ep= 95  train_ce=3.5117  val_ce=3.5186  lr=1.00e-05
[2026-07-29 16:19:29,990]  INFO model_impl.scripts.training: ep= 96  train_ce=3.4710  val_ce=3.4683  lr=1.00e-05
[2026-07-29 16:19:47,800]  INFO model_impl.scripts.training: ep= 97  train_ce=3.4325  val_ce=3.4269  lr=1.00e-05
[2026-07-29 16:20:01,580]  INFO model_impl.scripts.training: ep= 98  train_ce=3.4027  val_ce=3.4072  lr=1.00e-05
[2026-07-29 16:20:14,272]  INFO model_impl.scripts.training: ep= 99  train_ce=3.3718  val_ce=3.3818  lr=1.00e-05
[2026-07-29 16:20:27,112]  INFO model_impl.scripts.training: ep=100  train_ce=3.3483  val_ce=3.3586  lr=1.00e-05
[2026-07-29 16:20:44,825]  INFO model_impl.scripts.training: ep=101  train_ce=3.3173  val_ce=3.3375  lr=1.00e-05
[2026-07-29 16:21:02,479]  INFO model_impl.scripts.training: ep=102  train_ce=3.2871  val_ce=3.3138  lr=1.00e-05
[2026-07-29 16:21:20,297]  INFO model_impl.scripts.training: ep=103  train_ce=3.2733  val_ce=3.2949  lr=1.00e-05
[2026-07-29 16:21:38,126]  INFO model_impl.scripts.training: ep=104  train_ce=3.2431  val_ce=3.2798  lr=1.00e-05
[2026-07-29 16:21:55,842]  INFO model_impl.scripts.training: ep=105  train_ce=3.2131  val_ce=3.2566  lr=1.00e-05
[2026-07-29 16:22:13,459]  INFO model_impl.scripts.training: ep=106  train_ce=3.1799  val_ce=3.2328  lr=1.00e-05
[2026-07-29 16:22:31,089]  INFO model_impl.scripts.training: ep=107  train_ce=3.1587  val_ce=3.2099  lr=1.00e-05
[2026-07-29 16:22:48,682]  INFO model_impl.scripts.training: ep=108  train_ce=3.1324  val_ce=3.2024  lr=1.00e-05
[2026-07-29 16:23:06,285]  INFO model_impl.scripts.training: ep=109  train_ce=3.1045  val_ce=3.1628  lr=1.00e-05
[2026-07-29 16:23:23,908]  INFO model_impl.scripts.training: ep=110  train_ce=3.0792  val_ce=3.1438  lr=1.00e-05
[2026-07-29 16:23:41,577]  INFO model_impl.scripts.training: ep=111  train_ce=3.0472  val_ce=3.1333  lr=1.00e-05
[2026-07-29 16:23:59,212]  INFO model_impl.scripts.training: ep=112  train_ce=3.0292  val_ce=3.1133  lr=1.00e-05
[2026-07-29 16:24:16,754]  INFO model_impl.scripts.training: ep=113  train_ce=3.0038  val_ce=3.1004  lr=1.00e-05
[2026-07-29 16:24:34,387]  INFO model_impl.scripts.training: ep=114  train_ce=2.9791  val_ce=3.0808  lr=1.00e-05
[2026-07-29 16:24:51,012]  INFO model_impl.scripts.training: ep=115  train_ce=2.9572  val_ce=3.0707  lr=1.00e-05
[2026-07-29 16:25:03,740]  INFO model_impl.scripts.training: ep=116  train_ce=2.9411  val_ce=3.0564  lr=1.00e-05
[2026-07-29 16:25:16,600]  INFO model_impl.scripts.training: ep=117  train_ce=2.9216  val_ce=3.0394  lr=1.00e-05
[2026-07-29 16:25:29,473]  INFO model_impl.scripts.training: ep=118  train_ce=2.9006  val_ce=3.0339  lr=1.00e-05
[2026-07-29 16:25:42,385]  INFO model_impl.scripts.training: ep=119  train_ce=2.8810  val_ce=3.0190  lr=1.00e-05
[2026-07-29 16:25:55,852]  INFO model_impl.scripts.training: ep=120  train_ce=2.8633  val_ce=3.0171  lr=1.00e-05
[2026-07-29 16:26:08,813]  INFO model_impl.scripts.training: ep=121  train_ce=2.8474  val_ce=2.9940  lr=1.00e-05
[2026-07-29 16:26:22,078]  INFO model_impl.scripts.training: ep=122  train_ce=2.8321  val_ce=2.9991  lr=1.00e-05
[2026-07-29 16:26:35,383]  INFO model_impl.scripts.training: ep=123  train_ce=2.8111  val_ce=2.9809  lr=1.00e-05
[2026-07-29 16:26:48,540]  INFO model_impl.scripts.training: ep=124  train_ce=2.8028  val_ce=2.9858  lr=1.00e-05
[2026-07-29 16:27:01,585]  INFO model_impl.scripts.training: ep=125  train_ce=2.7824  val_ce=2.9742  lr=1.00e-05
[2026-07-29 16:27:14,666]  INFO model_impl.scripts.training: ep=126  train_ce=2.7686  val_ce=2.9769  lr=1.00e-05
[2026-07-29 16:27:27,548]  INFO model_impl.scripts.training: ep=127  train_ce=2.7548  val_ce=2.9578  lr=1.00e-05
[2026-07-29 16:27:40,579]  INFO model_impl.scripts.training: ep=128  train_ce=2.7399  val_ce=2.9804  lr=1.00e-05
[2026-07-29 16:27:53,567]  INFO model_impl.scripts.training: ep=129  train_ce=2.7276  val_ce=2.9801  lr=1.00e-05
[2026-07-29 16:28:06,438]  INFO model_impl.scripts.training: ep=130  train_ce=2.7137  val_ce=2.9574  lr=1.00e-05
[2026-07-29 16:28:19,527]  INFO model_impl.scripts.training: ep=131  train_ce=2.7093  val_ce=2.9652  lr=1.00e-05
[2026-07-29 16:28:32,222]  INFO model_impl.scripts.training: ep=132  train_ce=2.6886  val_ce=2.9386  lr=1.00e-05
[2026-07-29 16:28:45,168]  INFO model_impl.scripts.training: ep=133  train_ce=2.6850  val_ce=2.9818  lr=1.00e-05
[2026-07-29 16:28:58,042]  INFO model_impl.scripts.training: ep=134  train_ce=2.6782  val_ce=2.9449  lr=1.00e-05
[2026-07-29 16:29:10,868]  INFO model_impl.scripts.training: ep=135  train_ce=2.6685  val_ce=2.9450  lr=1.00e-05
[2026-07-29 16:29:23,752]  INFO model_impl.scripts.training: ep=136  train_ce=2.6527  val_ce=2.9430  lr=1.00e-05
[2026-07-29 16:29:36,939]  INFO model_impl.scripts.training: ep=137  train_ce=2.6461  val_ce=2.9576  lr=1.00e-05
[2026-07-29 16:29:49,792]  INFO model_impl.scripts.training: ep=138  train_ce=2.6370  val_ce=2.9434  lr=1.00e-05
[2026-07-29 16:30:02,906]  INFO model_impl.scripts.training: ep=139  train_ce=2.6275  val_ce=2.9645  lr=1.00e-05
[2026-07-29 16:30:15,703]  INFO model_impl.scripts.training: ep=140  train_ce=2.6209  val_ce=2.9506  lr=5.00e-06
[2026-07-29 16:30:28,897]  INFO model_impl.scripts.training: ep=141  train_ce=2.6151  val_ce=2.9507  lr=5.00e-06
[2026-07-29 16:30:42,000]  INFO model_impl.scripts.training: ep=142  train_ce=2.6142  val_ce=2.9372  lr=5.00e-06
[2026-07-29 16:30:54,964]  INFO model_impl.scripts.training: ep=143  train_ce=2.6087  val_ce=2.9265  lr=5.00e-06
[2026-07-29 16:31:07,897]  INFO model_impl.scripts.training: ep=144  train_ce=2.6042  val_ce=2.9343  lr=5.00e-06
[2026-07-29 16:31:20,762]  INFO model_impl.scripts.training: ep=145  train_ce=2.5977  val_ce=2.9534  lr=5.00e-06
[2026-07-29 16:31:34,113]  INFO model_impl.scripts.training: ep=146  train_ce=2.5933  val_ce=2.9367  lr=5.00e-06
[2026-07-29 16:31:47,196]  INFO model_impl.scripts.training: ep=147  train_ce=2.5855  val_ce=2.9304  lr=5.00e-06
[2026-07-29 16:32:00,247]  INFO model_impl.scripts.training: ep=148  train_ce=2.5824  val_ce=2.9477  lr=5.00e-06
[2026-07-29 16:32:13,418]  INFO model_impl.scripts.training: ep=149  train_ce=2.5861  val_ce=2.9226  lr=5.00e-06
[2026-07-29 16:32:26,745]  INFO model_impl.scripts.training: ep=150  train_ce=2.5769  val_ce=2.9245  lr=5.00e-06
[2026-07-29 16:32:39,978]  INFO model_impl.scripts.training: ep=151  train_ce=2.5755  val_ce=2.9265  lr=5.00e-06
[2026-07-29 16:32:53,433]  INFO model_impl.scripts.training: ep=152  train_ce=2.5708  val_ce=2.9229  lr=5.00e-06
[2026-07-29 16:33:06,768]  INFO model_impl.scripts.training: ep=153  train_ce=2.5660  val_ce=2.9328  lr=5.00e-06
[2026-07-29 16:33:20,173]  INFO model_impl.scripts.training: ep=154  train_ce=2.5566  val_ce=2.9240  lr=5.00e-06
[2026-07-29 16:33:37,968]  INFO model_impl.scripts.training: ep=155  train_ce=2.5587  val_ce=2.9326  lr=5.00e-06
[2026-07-29 16:33:55,744]  INFO model_impl.scripts.training: ep=156  train_ce=2.5497  val_ce=2.9319  lr=5.00e-06
[2026-07-29 16:34:13,464]  INFO model_impl.scripts.training: ep=157  train_ce=2.5491  val_ce=2.9180  lr=2.50e-06
[2026-07-29 16:34:31,286]  INFO model_impl.scripts.training: ep=158  train_ce=2.5463  val_ce=2.9202  lr=2.50e-06
[2026-07-29 16:34:49,093]  INFO model_impl.scripts.training: ep=159  train_ce=2.5445  val_ce=2.9269  lr=2.50e-06
[2026-07-29 16:35:06,846]  INFO model_impl.scripts.training: ep=160  train_ce=2.5478  val_ce=2.9400  lr=2.50e-06
[2026-07-29 16:35:24,478]  INFO model_impl.scripts.training: ep=161  train_ce=2.5416  val_ce=2.9227  lr=2.50e-06
[2026-07-29 16:35:38,292]  INFO model_impl.scripts.training: ep=162  train_ce=2.5387  val_ce=2.9111  lr=2.50e-06
[2026-07-29 16:35:51,098]  INFO model_impl.scripts.training: ep=163  train_ce=2.5404  val_ce=2.9407  lr=2.50e-06
[2026-07-29 16:36:04,103]  INFO model_impl.scripts.training: ep=164  train_ce=2.5365  val_ce=2.9222  lr=2.50e-06
[2026-07-29 16:36:17,237]  INFO model_impl.scripts.training: ep=165  train_ce=2.5437  val_ce=2.9153  lr=2.50e-06
[2026-07-29 16:36:30,254]  INFO model_impl.scripts.training: ep=166  train_ce=2.5349  val_ce=2.9162  lr=2.50e-06
[2026-07-29 16:36:43,352]  INFO model_impl.scripts.training: ep=167  train_ce=2.5339  val_ce=2.9204  lr=2.50e-06
[2026-07-29 16:36:56,648]  INFO model_impl.scripts.training: ep=168  train_ce=2.5263  val_ce=2.9228  lr=2.50e-06
[2026-07-29 16:37:09,638]  INFO model_impl.scripts.training: ep=169  train_ce=2.5306  val_ce=2.9263  lr=2.50e-06
[2026-07-29 16:37:22,699]  INFO model_impl.scripts.training: ep=170  train_ce=2.5271  val_ce=2.9180  lr=1.25e-06
[2026-07-29 16:37:35,771]  INFO model_impl.scripts.training: ep=171  train_ce=2.5293  val_ce=2.9271  lr=1.25e-06
[2026-07-29 16:37:48,986]  INFO model_impl.scripts.training: ep=172  train_ce=2.5258  val_ce=2.9273  lr=1.25e-06
[2026-07-29 16:45:55,843]  INFO model_impl.scripts.test: 
# ✅ Evaluated 359 windows with 6 covariates and no news
#  • MSE    : 4.7174e-02 (skill vs naïve = -0.316)
#  • MAE    : 1.3623e-01 (skill vs naïve = -0.185)
#  • sMAPE  : 2.48%
#  • CRPS   : 1.2201e-01
#  • WIS50  : 5.1293e-01 | WIS80: 1.0946e+00 | WIS90: 1.9746e+00
#  • Cov@50 : 0.092 | Cov@80: 0.181 | Cov@90: 0.233
#  • Sharp80: 7.6435e-02
#  • ECE(q) : 3.4447e-01
#  • DM test (MSE vs naïve): stat=2.319, p=0.0210
# ⏱ Total time: 00:48:09

[2026-07-29 16:45:57,028]  INFO model_impl.main: # 📦 Artifacts saved in XCU/feat_covs__with_news/XCU/no_diff_c_6_w_no_news/20260729

🏃 View run no_feat_covs__with_news at: http://127.0.0.1:5000/#/experiments/4/runs/2b82c851725349a8b02e07da652d7f83
🧪 View experiment at: http://127.0.0.1:5000/#/experiments/4
