[2026-07-28 14:31:25,749]  INFO model_impl.data_loading.splitting: temporal_split [train]: T=6320  2007-01-25 -> 2024-07-18
[2026-07-28 14:31:25,750]  INFO model_impl.data_loading.splitting: temporal_split [val]: T=495  2024-03-11 -> 2025-07-18
[2026-07-28 14:31:25,750]  INFO model_impl.data_loading.splitting: temporal_split [test]: T=495  2025-03-11 -> 2026-07-27
[2026-07-28 14:31:27,377]  INFO model_impl.data_loading.windowing: 
[train]
  xe : (6184, 130)  token id [588, 3440]
  xn : (6184, 130, 768)  embedding norm mean 16.945
  xc : (6184, 130, 13)  price range [-0.4, 0.3]
  y  : (6184, 7)   token id [399, 3582]
  scales: (6184,)   scale values [0.00389, 0.02732] mean=0.0
  Predictions span: 2007-06-06 -> 2024-07-12  (N=6184)
[2026-07-28 14:31:27,381]  INFO model_impl.data_loading.windowing: 
[val]
  xe : (359, 130)  token id [491, 3655]
  xn : (359, 130, 768)  embedding norm mean 16.299
  xc : (359, 130, 13)  price range [-0.2, 0.1]
  y  : (359, 7)   token id [267, 3816]
  scales: (359,)   scale values [0.00651, 0.01092] mean=0.0
  Predictions span: 2024-07-19 -> 2025-07-12  (N=359)
[2026-07-28 14:31:27,386]  INFO model_impl.data_loading.windowing: 
[test]
  xe : (359, 130)  token id [3, 3917]
  xn : (359, 130, 768)  embedding norm mean 15.648
  xc : (359, 130, 13)  price range [-0.2, 0.1]
  y  : (359, 7)   token id [3, 2807]
  scales: (359,)   scale values [0.00726, 0.01237] mean=0.0
  Predictions span: 2025-07-19 -> 2026-07-17  (N=359)
[2026-07-28 14:31:45,632]  INFO model_impl.scripts.training: ep=  0  train_ce=8.3724  val_ce=8.2334  lr=1.00e-05
[2026-07-28 14:32:03,660]  INFO model_impl.scripts.training: ep=  1  train_ce=8.1403  val_ce=8.0247  lr=1.00e-05
[2026-07-28 14:32:21,822]  INFO model_impl.scripts.training: ep=  2  train_ce=7.9377  val_ce=7.8347  lr=1.00e-05
[2026-07-28 14:32:40,036]  INFO model_impl.scripts.training: ep=  3  train_ce=7.7563  val_ce=7.6669  lr=1.00e-05
[2026-07-28 14:32:58,365]  INFO model_impl.scripts.training: ep=  4  train_ce=7.5937  val_ce=7.5170  lr=1.00e-05
[2026-07-28 14:33:16,743]  INFO model_impl.scripts.training: ep=  5  train_ce=7.4447  val_ce=7.3848  lr=1.00e-05
[2026-07-28 14:33:35,247]  INFO model_impl.scripts.training: ep=  6  train_ce=7.3214  val_ce=7.2741  lr=1.00e-05
[2026-07-28 14:33:53,810]  INFO model_impl.scripts.training: ep=  7  train_ce=7.2084  val_ce=7.1808  lr=1.00e-05
[2026-07-28 14:34:12,441]  INFO model_impl.scripts.training: ep=  8  train_ce=7.1170  val_ce=7.1029  lr=1.00e-05
[2026-07-28 14:34:31,168]  INFO model_impl.scripts.training: ep=  9  train_ce=7.0468  val_ce=7.0385  lr=1.00e-05
[2026-07-28 14:34:50,067]  INFO model_impl.scripts.training: ep= 10  train_ce=6.9816  val_ce=6.9871  lr=1.00e-05
[2026-07-28 14:35:09,071]  INFO model_impl.scripts.training: ep= 11  train_ce=6.9357  val_ce=6.9450  lr=1.00e-05
[2026-07-28 14:35:28,495]  INFO model_impl.scripts.training: ep= 12  train_ce=6.8906  val_ce=6.9112  lr=1.00e-05
[2026-07-28 14:35:47,440]  INFO model_impl.scripts.training: ep= 13  train_ce=6.8569  val_ce=6.8841  lr=1.00e-05
[2026-07-28 14:36:06,662]  INFO model_impl.scripts.training: ep= 14  train_ce=6.8242  val_ce=6.8594  lr=1.00e-05
[2026-07-28 14:36:26,304]  INFO model_impl.scripts.training: ep= 15  train_ce=6.8036  val_ce=6.8413  lr=1.00e-05
[2026-07-28 14:36:45,774]  INFO model_impl.scripts.training: ep= 16  train_ce=6.7826  val_ce=6.8263  lr=1.00e-05
[2026-07-28 14:37:04,943]  INFO model_impl.scripts.training: ep= 17  train_ce=6.7671  val_ce=6.8137  lr=1.00e-05
[2026-07-28 14:37:24,400]  INFO model_impl.scripts.training: ep= 18  train_ce=6.7596  val_ce=6.8024  lr=1.00e-05
[2026-07-28 14:37:44,361]  INFO model_impl.scripts.training: ep= 19  train_ce=6.7528  val_ce=6.7938  lr=1.00e-05
[2026-07-28 14:38:03,928]  INFO model_impl.scripts.training: ep= 20  train_ce=6.7382  val_ce=6.7856  lr=1.00e-05
[2026-07-28 14:38:23,177]  INFO model_impl.scripts.training: ep= 21  train_ce=6.7309  val_ce=6.7801  lr=1.00e-05
[2026-07-28 14:38:42,871]  INFO model_impl.scripts.training: ep= 22  train_ce=6.7195  val_ce=6.7754  lr=1.00e-05
[2026-07-28 14:39:03,067]  INFO model_impl.scripts.training: ep= 23  train_ce=6.7070  val_ce=6.7733  lr=1.00e-05
[2026-07-28 14:39:22,867]  INFO model_impl.scripts.training: ep= 24  train_ce=6.7168  val_ce=6.7708  lr=1.00e-05
[2026-07-28 14:39:42,453]  INFO model_impl.scripts.training: ep= 25  train_ce=6.7021  val_ce=6.7686  lr=1.00e-05
[2026-07-28 14:40:02,440]  INFO model_impl.scripts.training: ep= 26  train_ce=6.7018  val_ce=6.7675  lr=1.00e-05
[2026-07-28 14:40:22,325]  INFO model_impl.scripts.training: ep= 27  train_ce=6.6975  val_ce=6.7672  lr=1.00e-05
[2026-07-28 14:40:42,173]  INFO model_impl.scripts.training: ep= 28  train_ce=6.6913  val_ce=6.7649  lr=1.00e-05
[2026-07-28 14:41:02,180]  INFO model_impl.scripts.training: ep= 29  train_ce=6.6900  val_ce=6.7643  lr=1.00e-05
[2026-07-28 14:41:22,091]  INFO model_impl.scripts.training: ep= 30  train_ce=6.6846  val_ce=6.7627  lr=1.00e-05
[2026-07-28 14:41:41,565]  INFO model_impl.scripts.training: ep= 31  train_ce=6.6842  val_ce=6.7612  lr=1.00e-05
[2026-07-28 14:42:01,710]  INFO model_impl.scripts.training: ep= 32  train_ce=6.6746  val_ce=6.7603  lr=1.00e-05
[2026-07-28 14:42:21,742]  INFO model_impl.scripts.training: ep= 33  train_ce=6.6805  val_ce=6.7607  lr=1.00e-05
[2026-07-28 14:42:41,729]  INFO model_impl.scripts.training: ep= 34  train_ce=6.6766  val_ce=6.7611  lr=1.00e-05
[2026-07-28 14:43:01,486]  INFO model_impl.scripts.training: ep= 35  train_ce=6.6715  val_ce=6.7638  lr=1.00e-05
[2026-07-28 14:43:21,196]  INFO model_impl.scripts.training: ep= 36  train_ce=6.6740  val_ce=6.7611  lr=1.00e-05
[2026-07-28 14:43:41,109]  INFO model_impl.scripts.training: ep= 37  train_ce=6.6636  val_ce=6.7593  lr=1.00e-05
[2026-07-28 14:44:01,024]  INFO model_impl.scripts.training: ep= 38  train_ce=6.6611  val_ce=6.7626  lr=1.00e-05
[2026-07-28 14:44:21,065]  INFO model_impl.scripts.training: ep= 39  train_ce=6.6541  val_ce=6.7647  lr=1.00e-05
[2026-07-28 14:44:41,446]  INFO model_impl.scripts.training: ep= 40  train_ce=6.6569  val_ce=6.7664  lr=1.00e-05
[2026-07-28 14:45:01,199]  INFO model_impl.scripts.training: ep= 41  train_ce=6.6472  val_ce=6.7685  lr=1.00e-05
[2026-07-28 14:45:21,526]  INFO model_impl.scripts.training: ep= 42  train_ce=6.6317  val_ce=6.7683  lr=1.00e-05
[2026-07-28 14:45:41,586]  INFO model_impl.scripts.training: ep= 43  train_ce=6.6262  val_ce=6.7700  lr=1.00e-05
[2026-07-28 14:46:01,496]  INFO model_impl.scripts.training: ep= 44  train_ce=6.6254  val_ce=6.7694  lr=1.00e-05
[2026-07-28 14:46:21,844]  INFO model_impl.scripts.training: ep= 45  train_ce=6.6178  val_ce=6.7698  lr=5.00e-06
[2026-07-28 14:46:41,757]  INFO model_impl.scripts.training: ep= 46  train_ce=6.6160  val_ce=6.7706  lr=5.00e-06
[2026-07-28 14:47:01,925]  INFO model_impl.scripts.training: ep= 47  train_ce=6.6152  val_ce=6.7702  lr=5.00e-06
[2026-07-28 14:50:50,536]  INFO model_impl.scripts.test: 
# ✅ Evaluated 150 windows with 13 covariates
#  • MSE    : 5.1239e-02 (skill vs naïve = -0.015)
#  • MAE    : 1.0894e-01 (skill vs naïve = -0.024)
#  • sMAPE  : 2.19%
#  • CRPS   : 9.7409e-02
#  • WIS50  : 4.2743e-01 | WIS80: 9.1263e-01 | WIS90: 1.3508e+00
#  • Cov@50 : 0.800 | Cov@80: 0.956 | Cov@90: 0.971
#  • Sharp80: 7.0270e-01
#  • ECE(q) : 2.2981e-01
#  • DM test (MSE vs naïve): stat=2.546, p=0.0119
# ⏱ Total time: 00:19:25

[2026-07-28 14:50:51,856]  INFO model_impl.main: # 📦 Artifacts saved in res_with_news/linear__temp1_1__log_diff/XCU/log_diff_c_13_w_news/20260728

🏃 View run linear__temp1_1__log_diff at: http://127.0.0.1:5000/#/experiments/1/runs/3ef1128e7ee249729c4dd5f4e22b8def
🧪 View experiment at: http://127.0.0.1:5000/#/experiments/1
